//两个斜杠为注释
//查询语句从5个#号开始，语句id为下划线“_”后面部分，比如#####_id
//用一个下划线“_”作为查询语句的id分割符号，#号下面的内容为查询语句内容
//参数变量用{{}}包起来，比如{{param_key}}
//判断参数变量是否为空，语句用@if开始，后面紧跟一个空格，如果为空，该行语句将被忽略。格式如@if select {{param_key}} from table_user
#####_demo
{{ddd}}
@if select {{key}} from table_user
select tab2
select tab3
#####_instCount
{
  "size": 0,
  "aggs": {
    "inst_count": {
      "cardinality": {
        "field": "inst"
      }
    }
  },
  "query": {
    "range": {
      "time": {
        "gte": {{beginTime}},
        "lte": {{endTime}}
      }
    }
  }
}
#####_count
{
  "size": 0,
  "query": {
    "range": {
      "time": {
        "gte": {{beginTime}},
        "lte": {{endTime}}
      }
    }
  }
}
#####_errorPie
{
  "size": 0,
  "query": {
    "range": {
      "time": {
        "gte": {{beginTime}},
        "lte": {{endTime}}
      }
    }
  },
  "aggs": {
    "errorCount": {
      "terms": {
        "field": "app",
        "order": {
          "_count": "desc"
        },
        "size": 100000
      }
    }
  }
}
#####_ErrorLine
{
  "size": 0,
  "query": {
    "range": {
      "time": {
        "gte": {{beginTime}},
        "lte": {{endTime}}
      }
    }
  },
  "aggs": {
    "app_group": {
      "terms": {
        "field": "app",
        "size": 1000
      },
      "aggs": {
        "time_group": {
          "date_histogram": {
            "field": "time",
            "interval": "{{interval}}",
            "format": "{{format}}",
            "time_zone": "{{timeZone}}"
          }
        }
      }
    }
  }
}

#####_RequestBar
{
    "size":0,
    "query":{
		"range":{
			"time":{
				"gte":{{beginTime}},
				"lte":{{endTime}}
			}
		}
	},
	"aggs":{
		"req_bar":{
			"range":{
				"field":"spend",
				"format":"0",
				"ranges":[
					{
						"from":0,
						"to":200
					},
					{
						"from":200,
						"to":500
					},
					{
						"from":500,
						"to":1000
					},
					{
						"from":1000,
						"to":2000
					},
					{
						"from":2000,
						"to":5000
					},
					{
						"from":5000
					}
				]
			}
		}
	}
}
#####_RequestLine
{
   "size":0,
    "query":{
		"range":{
			"time":{
				"gte":{{beginTime}},
				"lte":{{endTime}}
			}
		}
   },
  "aggs": {
    "req_qs": {
      "date_histogram": {
        "field": "time",
        "interval": "{{interval}}",
        "format": "{{format}}",
        "time_zone": "{{timeZone}}"
      },
      "aggs": {
        "req_aggs": {
          "range": {
            "field": "spend",
            "ranges": [
              {
                "to": 200
              },
              {
                "from": 200,
                "to": 500
              },
              {
                "from": 500,
                "to": 1000
              },
              {
                "from": 1000,
                "to": 2000
              },
              {
                "from": 2000,
                "to": 5000
              },
              {
                "from": 5000
              }
            ],
            "format": "0"
          }
        }
      }
    }
  }
}